[0m00:21:02.558242 [debug] [MainThread]: Sending event: {'category': 'dbt', 'action': 'invocation', 'label': 'start', 'context': [<snowplow_tracker.self_describing_json.SelfDescribingJson object at 0x118e26e40>, <snowplow_tracker.self_describing_json.SelfDescribingJson object at 0x11aa8f4d0>, <snowplow_tracker.self_describing_json.SelfDescribingJson object at 0x11aa8f750>]}


============================== 00:21:02.560681 | ed4ba5df-5b8b-4cf5-92bb-283555284e1d ==============================
[0m00:21:02.560681 [info ] [MainThread]: Running with dbt=1.12.3
[0m00:21:02.560968 [debug] [MainThread]: running dbt with arguments {'use_experimental_parser': 'False', 'profiles_dir': '.', 'use_colors': 'True', 'static_parser': 'True', 'log_format': 'default', 'cache_selected_only': 'False', 'indirect_selection': 'eager', 'printer_width': '80', 'warn_error': 'None', 'hints_enabled': 'True', 'invocation_command': 'dbt debug --profiles-dir .', 'target_path': 'None', 'introspect': 'True', 'send_anonymous_usage_stats': 'True', 'partial_parse': 'True', 'warn_error_options': 'WarnErrorOptionsV2(error=[], warn=[], silence=[])', 'debug': 'False', 'version_check': 'True', 'log_cache_events': 'False', 'write_json': 'True', 'empty': 'None', 'fail_fast': 'False', 'no_print': 'None', 'log_path': 'logs', 'quiet': 'False', 'maximum_seed_size_mib': '1'}
[0m00:21:02.570583 [info ] [MainThread]: dbt version: 1.12.3
[0m00:21:02.570801 [info ] [MainThread]: python version: 3.13.14
[0m00:21:02.570921 [info ] [MainThread]: python path: /Users/olhaopanasenko/GitHub/de-projects/000-bootcamp/modules/04/.venv/bin/python3
[0m00:21:02.571035 [info ] [MainThread]: os info: macOS-15.7.5-arm64-arm-64bit-Mach-O
[0m00:21:02.571148 [info ] [MainThread]: Using profiles dir at .
[0m00:21:02.571250 [info ] [MainThread]: Using profiles.yml file at ./profiles.yml
[0m00:21:02.571349 [info ] [MainThread]: Using dbt_project.yml file at /Users/olhaopanasenko/GitHub/de-projects/000-bootcamp/modules/04/dbt_project.yml
[0m00:21:02.571456 [info ] [MainThread]: Configuration:
[0m00:21:02.571554 [info ] [MainThread]:   profiles.yml file [[31mERROR not found[0m]
[0m00:21:02.571655 [info ] [MainThread]:   dbt_project.yml file [[31mERROR not found[0m]
[0m00:21:02.571751 [info ] [MainThread]: Required dependencies:
[0m00:21:02.571887 [debug] [MainThread]: Executing "git --help"
[0m00:21:02.584084 [debug] [MainThread]: STDOUT: "b"usage: git [-v | --version] [-h | --help] [-C <path>] [-c <name>=<value>]\n           [--exec-path[=<path>]] [--html-path] [--man-path] [--info-path]\n           [-p | --paginate | -P | --no-pager] [--no-replace-objects] [--no-lazy-fetch]\n           [--no-optional-locks] [--no-advice] [--bare] [--git-dir=<path>]\n           [--work-tree=<path>] [--namespace=<name>] [--config-env=<name>=<envvar>]\n           <command> [<args>]\n\nThese are common Git commands used in various situations:\n\nstart a working area (see also: git help tutorial)\n   clone      Clone a repository into a new directory\n   init       Create an empty Git repository or reinitialize an existing one\n\nwork on the current change (see also: git help everyday)\n   add        Add file contents to the index\n   mv         Move or rename a file, a directory, or a symlink\n   restore    Restore working tree files\n   rm         Remove files from the working tree and from the index\n\nexamine the history and state (see also: git help revisions)\n   bisect     Use binary search to find the commit that introduced a bug\n   diff       Show changes between commits, commit and working tree, etc\n   grep       Print lines matching a pattern\n   log        Show commit logs\n   show       Show various types of objects\n   status     Show the working tree status\n\ngrow, mark and tweak your common history\n   backfill   Download missing objects in a partial clone\n   branch     List, create, or delete branches\n   commit     Record changes to the repository\n   merge      Join two or more development histories together\n   rebase     Reapply commits on top of another base tip\n   reset      Reset current HEAD to the specified state\n   switch     Switch branches\n   tag        Create, list, delete or verify a tag object signed with GPG\n\ncollaborate (see also: git help workflows)\n   fetch      Download objects and refs from another repository\n   pull       Fetch from and integrate with another repository or a local branch\n   push       Update remote refs along with associated objects\n\n'git help -a' and 'git help -g' list available subcommands and some\nconcept guides. See 'git help <command>' or 'git help <concept>'\nto read about a specific subcommand or concept.\nSee 'git help git' for an overview of the system.\n""
[0m00:21:02.584575 [debug] [MainThread]: STDERR: "b''"
[0m00:21:02.584719 [info ] [MainThread]:  - git [[32mOK found[0m]

[0m00:21:02.584864 [info ] [MainThread]: Connection test skipped since no profile was found
[0m00:21:02.585074 [info ] [MainThread]: [31m2 checks failed:[0m
[0m00:21:02.585192 [info ] [MainThread]: dbt looked for a profiles.yml file in ./profiles.yml, but did
not find one. For more information on configuring your profile, consult the
documentation:

https://docs.getdbt.com/docs/configure-your-profile


[0m00:21:02.585307 [info ] [MainThread]: Project loading failed for the following reason:
 project path </Users/olhaopanasenko/GitHub/de-projects/000-bootcamp/modules/04/dbt_project.yml> not found

[0m00:21:02.585706 [debug] [MainThread]: Resource report: {"command_name": "debug", "command_success": false, "command_wall_clock_time": 0.06274604, "process_in_blocks": "0", "process_kernel_time": 0.099302, "process_mem_max_rss": "122765312", "process_out_blocks": "0", "process_user_time": 0.555815}
[0m00:21:02.585929 [debug] [MainThread]: Command `dbt debug` failed at 00:21:02.585888 after 0.06 seconds
[0m00:21:02.586166 [debug] [MainThread]: Sending event: {'category': 'dbt', 'action': 'invocation', 'label': 'end', 'context': [<snowplow_tracker.self_describing_json.SelfDescribingJson object at 0x11ab6ce90>, <snowplow_tracker.self_describing_json.SelfDescribingJson object at 0x11ab204d0>, <snowplow_tracker.self_describing_json.SelfDescribingJson object at 0x11ab348d0>]}
[0m00:21:02.586354 [debug] [MainThread]: Flushing usage events
[0m00:21:03.169481 [debug] [MainThread]: An error was encountered while trying to flush usage events
[0m00:21:20.775595 [debug] [MainThread]: Sending event: {'category': 'dbt', 'action': 'invocation', 'label': 'start', 'context': [<snowplow_tracker.self_describing_json.SelfDescribingJson object at 0x105ef6e40>, <snowplow_tracker.self_describing_json.SelfDescribingJson object at 0x10735f4d0>, <snowplow_tracker.self_describing_json.SelfDescribingJson object at 0x10735f750>]}


============================== 00:21:20.777444 | 6cf3ace5-9e23-4198-8034-451f1ccba4f5 ==============================
[0m00:21:20.777444 [info ] [MainThread]: Running with dbt=1.12.3
[0m00:21:20.777711 [debug] [MainThread]: running dbt with arguments {'cache_selected_only': 'False', 'debug': 'False', 'introspect': 'True', 'profiles_dir': 'module_4', 'static_parser': 'True', 'no_print': 'None', 'empty': 'None', 'target_path': 'None', 'maximum_seed_size_mib': '1', 'use_colors': 'True', 'partial_parse': 'True', 'fail_fast': 'False', 'invocation_command': 'dbt debug --profiles-dir module_4', 'quiet': 'False', 'write_json': 'True', 'send_anonymous_usage_stats': 'True', 'log_format': 'default', 'printer_width': '80', 'log_path': 'logs', 'use_experimental_parser': 'False', 'hints_enabled': 'True', 'warn_error_options': 'WarnErrorOptionsV2(error=[], warn=[], silence=[])', 'version_check': 'True', 'indirect_selection': 'eager', 'warn_error': 'None', 'log_cache_events': 'False'}
[0m00:21:20.781927 [info ] [MainThread]: dbt version: 1.12.3
[0m00:21:20.782086 [info ] [MainThread]: python version: 3.13.14
[0m00:21:20.782204 [info ] [MainThread]: python path: /Users/olhaopanasenko/GitHub/de-projects/000-bootcamp/modules/04/.venv/bin/python3
[0m00:21:20.782324 [info ] [MainThread]: os info: macOS-15.7.5-arm64-arm-64bit-Mach-O
[0m00:21:20.826405 [info ] [MainThread]: Using profiles dir at module_4
[0m00:21:20.826650 [info ] [MainThread]: Using profiles.yml file at module_4/profiles.yml
[0m00:21:20.826782 [info ] [MainThread]: Using dbt_project.yml file at /Users/olhaopanasenko/GitHub/de-projects/000-bootcamp/modules/04/dbt_project.yml
[0m00:21:20.827711 [info ] [MainThread]: adapter type: duckdb
[0m00:21:20.827845 [info ] [MainThread]: adapter version: 1.11.0
[0m00:21:20.827971 [info ] [MainThread]: Configuration:
[0m00:21:20.828080 [info ] [MainThread]:   profiles.yml file [[32mOK found and valid[0m]
[0m00:21:20.828187 [info ] [MainThread]:   dbt_project.yml file [[31mERROR not found[0m]
[0m00:21:20.828289 [info ] [MainThread]: Required dependencies:
[0m00:21:20.828422 [debug] [MainThread]: Executing "git --help"
[0m00:21:20.840755 [debug] [MainThread]: STDOUT: "b"usage: git [-v | --version] [-h | --help] [-C <path>] [-c <name>=<value>]\n           [--exec-path[=<path>]] [--html-path] [--man-path] [--info-path]\n           [-p | --paginate | -P | --no-pager] [--no-replace-objects] [--no-lazy-fetch]\n           [--no-optional-locks] [--no-advice] [--bare] [--git-dir=<path>]\n           [--work-tree=<path>] [--namespace=<name>] [--config-env=<name>=<envvar>]\n           <command> [<args>]\n\nThese are common Git commands used in various situations:\n\nstart a working area (see also: git help tutorial)\n   clone      Clone a repository into a new directory\n   init       Create an empty Git repository or reinitialize an existing one\n\nwork on the current change (see also: git help everyday)\n   add        Add file contents to the index\n   mv         Move or rename a file, a directory, or a symlink\n   restore    Restore working tree files\n   rm         Remove files from the working tree and from the index\n\nexamine the history and state (see also: git help revisions)\n   bisect     Use binary search to find the commit that introduced a bug\n   diff       Show changes between commits, commit and working tree, etc\n   grep       Print lines matching a pattern\n   log        Show commit logs\n   show       Show various types of objects\n   status     Show the working tree status\n\ngrow, mark and tweak your common history\n   backfill   Download missing objects in a partial clone\n   branch     List, create, or delete branches\n   commit     Record changes to the repository\n   merge      Join two or more development histories together\n   rebase     Reapply commits on top of another base tip\n   reset      Reset current HEAD to the specified state\n   switch     Switch branches\n   tag        Create, list, delete or verify a tag object signed with GPG\n\ncollaborate (see also: git help workflows)\n   fetch      Download objects and refs from another repository\n   pull       Fetch from and integrate with another repository or a local branch\n   push       Update remote refs along with associated objects\n\n'git help -a' and 'git help -g' list available subcommands and some\nconcept guides. See 'git help <command>' or 'git help <concept>'\nto read about a specific subcommand or concept.\nSee 'git help git' for an overview of the system.\n""
[0m00:21:20.841348 [debug] [MainThread]: STDERR: "b''"
[0m00:21:20.841509 [info ] [MainThread]:  - git [[32mOK found[0m]

[0m00:21:20.841661 [info ] [MainThread]: Connection:
[0m00:21:20.841839 [info ] [MainThread]:   database: taxi_rides_ny
[0m00:21:20.841950 [info ] [MainThread]:   schema: dev
[0m00:21:20.842052 [info ] [MainThread]:   path: taxi_rides_ny.duckdb
[0m00:21:20.842156 [info ] [MainThread]:   config_options: None
[0m00:21:20.842258 [info ] [MainThread]:   extensions: ['parquet']
[0m00:21:20.842360 [info ] [MainThread]:   settings: {'memory_limit': '4GB', 'preserve_insertion_order': False}
[0m00:21:20.842461 [info ] [MainThread]:   external_root: .
[0m00:21:20.842558 [info ] [MainThread]:   use_credential_provider: None
[0m00:21:20.842657 [info ] [MainThread]:   attach: None
[0m00:21:20.842750 [info ] [MainThread]:   filesystems: None
[0m00:21:20.842849 [info ] [MainThread]:   remote: None
[0m00:21:20.842942 [info ] [MainThread]:   plugins: None
[0m00:21:20.843054 [info ] [MainThread]:   disable_transactions: False
[0m00:21:20.843329 [info ] [MainThread]: Registered adapter: duckdb=1.11.0
[0m00:21:20.887121 [debug] [MainThread]: Acquiring new duckdb connection 'debug'
[0m00:21:20.918843 [debug] [MainThread]: Using duckdb connection "debug"
[0m00:21:20.919027 [debug] [MainThread]: On debug: select 1 as id
[0m00:21:20.919153 [debug] [MainThread]: Opening a new connection, currently in state init
[0m00:21:20.925594 [debug] [MainThread]: SQL status: OK in 0.006 seconds
[0m00:21:20.925972 [debug] [MainThread]: On debug: Close
[0m00:21:20.926108 [info ] [MainThread]:   Connection test: [[32mOK connection ok[0m]

[0m00:21:20.926242 [info ] [MainThread]: [31m1 check failed:[0m
[0m00:21:20.926351 [info ] [MainThread]: Project loading failed for the following reason:
 project path </Users/olhaopanasenko/GitHub/de-projects/000-bootcamp/modules/04/dbt_project.yml> not found

[0m00:21:20.926618 [debug] [MainThread]: Resource report: {"command_name": "debug", "command_success": false, "command_wall_clock_time": 0.18451317, "process_in_blocks": "0", "process_kernel_time": 0.10804, "process_mem_max_rss": "152076288", "process_out_blocks": "0", "process_user_time": 0.610527}
[0m00:21:20.926832 [debug] [MainThread]: Command `dbt debug` failed at 00:21:20.926791 after 0.18 seconds
[0m00:21:20.926972 [debug] [MainThread]: Connection 'debug' was properly closed.
[0m00:21:20.927109 [debug] [MainThread]: Sending event: {'category': 'dbt', 'action': 'invocation', 'label': 'end', 'context': [<snowplow_tracker.self_describing_json.SelfDescribingJson object at 0x107572780>, <snowplow_tracker.self_describing_json.SelfDescribingJson object at 0x107648ef0>, <snowplow_tracker.self_describing_json.SelfDescribingJson object at 0x10752e140>]}
[0m00:21:20.927278 [debug] [MainThread]: Flushing usage events
[0m00:21:21.470441 [debug] [MainThread]: An error was encountered while trying to flush usage events
[0m00:26:35.807823 [debug] [MainThread]: Sending event: {'category': 'dbt', 'action': 'invocation', 'label': 'start', 'context': [<snowplow_tracker.self_describing_json.SelfDescribingJson object at 0x103ee6e40>, <snowplow_tracker.self_describing_json.SelfDescribingJson object at 0x10534f4d0>, <snowplow_tracker.self_describing_json.SelfDescribingJson object at 0x10534f750>]}


============================== 00:26:35.809692 | a5dbc83e-3ce7-45ce-9b93-4534369bf8c5 ==============================
[0m00:26:35.809692 [info ] [MainThread]: Running with dbt=1.12.3
[0m00:26:35.809961 [debug] [MainThread]: running dbt with arguments {'log_format': 'default', 'use_colors': 'True', 'hints_enabled': 'True', 'target_path': 'None', 'warn_error': 'None', 'warn_error_options': 'WarnErrorOptionsV2(error=[], warn=[], silence=[])', 'cache_selected_only': 'False', 'log_path': 'logs', 'maximum_seed_size_mib': '1', 'introspect': 'True', 'printer_width': '80', 'empty': 'None', 'debug': 'False', 'profiles_dir': '/Users/olhaopanasenko/.dbt', 'quiet': 'False', 'write_json': 'True', 'use_experimental_parser': 'False', 'log_cache_events': 'False', 'send_anonymous_usage_stats': 'True', 'fail_fast': 'False', 'static_parser': 'True', 'partial_parse': 'True', 'no_print': 'None', 'version_check': 'True', 'invocation_command': 'dbt init --project-dir .', 'indirect_selection': 'eager'}
[0m00:26:49.894210 [debug] [MainThread]: Starter project path: /Users/olhaopanasenko/GitHub/de-projects/000-bootcamp/modules/04/.venv/lib/python3.13/site-packages/dbt/include/starter_project
[0m00:26:49.909862 [info ] [MainThread]: Setting up your profile.
[0m00:26:55.402261 [error] [MainThread]: [[31mERROR[0m]: Encountered an error:

[0m00:26:55.409651 [error] [MainThread]: Traceback (most recent call last):
  File "/Users/olhaopanasenko/GitHub/de-projects/000-bootcamp/modules/04/.venv/lib/python3.13/site-packages/dbt/cli/requires.py", line 198, in wrapper
    result, success = func(*args, **kwargs)
                      ~~~~^^^^^^^^^^^^^^^^^
  File "/Users/olhaopanasenko/GitHub/de-projects/000-bootcamp/modules/04/.venv/lib/python3.13/site-packages/dbt/cli/requires.py", line 144, in wrapper
    return func(*args, **kwargs)
  File "/Users/olhaopanasenko/GitHub/de-projects/000-bootcamp/modules/04/.venv/lib/python3.13/site-packages/dbt/cli/main.py", line 504, in init
    results = task.run()
  File "/Users/olhaopanasenko/GitHub/de-projects/000-bootcamp/modules/04/.venv/lib/python3.13/site-packages/dbt/task/init.py", line 363, in run
    self.setup_profile(profile_name)
    ~~~~~~~~~~~~~~~~~~^^^^^^^^^^^^^^
  File "/Users/olhaopanasenko/GitHub/de-projects/000-bootcamp/modules/04/.venv/lib/python3.13/site-packages/dbt/task/init.py", line 264, in setup_profile
    adapter = self.ask_for_adapter_choice()
  File "/Users/olhaopanasenko/GitHub/de-projects/000-bootcamp/modules/04/.venv/lib/python3.13/site-packages/dbt/task/init.py", line 245, in ask_for_adapter_choice
    numeric_choice = click.prompt(prompt_msg, type=click.INT)
  File "/Users/olhaopanasenko/GitHub/de-projects/000-bootcamp/modules/04/.venv/lib/python3.13/site-packages/click/termui.py", line 262, in prompt
    value = prompt_func(prompt)
  File "/Users/olhaopanasenko/GitHub/de-projects/000-bootcamp/modules/04/.venv/lib/python3.13/site-packages/click/termui.py", line 245, in prompt_func
    raise Abort() from None
click.exceptions.Abort

[0m00:26:55.411418 [debug] [MainThread]: Resource report: {"command_name": "init", "command_success": false, "command_wall_clock_time": 19.637331, "process_in_blocks": "0", "process_kernel_time": 0.084059, "process_mem_max_rss": "123240448", "process_out_blocks": "0", "process_user_time": 0.548805}
[0m00:26:55.412203 [debug] [MainThread]: Command `dbt init` failed at 00:26:55.412070 after 19.64 seconds
[0m00:26:55.412757 [debug] [MainThread]: Sending event: {'category': 'dbt', 'action': 'invocation', 'label': 'end', 'context': [<snowplow_tracker.self_describing_json.SelfDescribingJson object at 0x1054308a0>, <snowplow_tracker.self_describing_json.SelfDescribingJson object at 0x105445010>, <snowplow_tracker.self_describing_json.SelfDescribingJson object at 0x105400050>]}
[0m00:26:55.413334 [debug] [MainThread]: Flushing usage events
[0m00:26:56.021215 [debug] [MainThread]: An error was encountered while trying to flush usage events
